>>> BaseGeometry = __import__('7-base_geometry').BaseGeometry

>>> BaseGeometry().area()
Traceback (most recent call last):
...
Exception: area() is not implemented

>>> bg = BaseGeometry()

>>> bg.integer_validator("width", 1)
>>> bg.integer_validator("height", 2)
>>> bg.integer_validator("depth", 999999)
>>> bg.integer_validator("big", 1000000)
>>> bg.integer_validator("huge", 10**9)
>>> bg.integer_validator("medium", 500)
>>> bg.integer_validator("small", 5)

>>> bg.integer_validator("name", "Alice")
Traceback (most recent call last):
...
TypeError: name must be an integer
>>> bg.integer_validator("pi", 3.14)
Traceback (most recent call last):
...
TypeError: pi must be an integer
>>> bg.integer_validator("lst", [1, 2, 3])
Traceback (most recent call last):
...
TypeError: lst must be an integer
>>> bg.integer_validator("flag", True)
Traceback (most recent call last):
...
TypeError: flag must be an integer
>>> bg.integer_validator("nothing", None)
Traceback (most recent call last):
...
TypeError: nothing must be an integer
>>> bg.integer_validator("tuple_val", (1, 2))
Traceback (most recent call last):
...
TypeError: tuple_val must be an integer
>>> bg.integer_validator("dict_val", {"a":1})
Traceback (most recent call last):
...
TypeError: dict_val must be an integer
>>> bg.integer_validator("comp", 3+4j)
Traceback (most recent call last):
...
TypeError: comp must be an integer
>>> bg.integer_validator("s", {1,2})
Traceback (most recent call last):
...
TypeError: s must be an integer
>>> bg.integer_validator("fs", frozenset([1]))
Traceback (most recent call last):
...
TypeError: fs must be an integer
>>> bg.integer_validator("ba", bytearray([1,2]))
Traceback (most recent call last):
...
TypeError: ba must be an integer

>>> bg.integer_validator("age", 0)
Traceback (most recent call last):
...
ValueError: age must be greater than 0
>>> bg.integer_validator("distance", -4)
Traceback (most recent call last):
...
ValueError: distance must be greater than 0
>>> bg.integer_validator("width", -100)
Traceback (most recent call last):
...
ValueError: width must be greater than 0
>>> bg.integer_validator("negative_one", -1)
Traceback (most recent call last):
...
ValueError: negative_one must be greater than 0
>>> bg.integer_validator("min_val", -999)
Traceback (most recent call last):
...
ValueError: min_val must be greater than 0

>>> bg.integer_validator("one", 1)
>>> bg.integer_validator("two", 2)
>>> bg.integer_validator("ten", 10)
>>> bg.integer_validator("hundred", 100)
>>> bg.integer_validator("million", 10**6)
>>> bg.integer_validator("billion", 10**9)
>>> bg.integer_validator("trillion", 10**12)
>>> bg.integer_validator("mid", 123)
>>> bg.integer_validator("large", 5000)
>>> bg.integer_validator("small2", 7)
