>>> BaseGeometry = __import__('7-base_geometry').BaseGeometry

# Test de area() : doit lever l'exception
>>> BaseGeometry().area()
Traceback (most recent call last):
...
Exception: area() is not implemented

# Création de l'objet
>>> bg = BaseGeometry()

# Tests valeurs valides
>>> bg.integer_validator("width", 1)
>>> bg.integer_validator("height", 2)
>>> bg.integer_validator("depth", 999999)
>>> bg.integer_validator("big", 1000000)
>>> bg.integer_validator("huge", 10**9)
>>> bg.integer_validator("medium", 500)
>>> bg.integer_validator("small", 5)

# Tests types invalides
>>> bg.integer_validator("name", "Alice")
Traceback (most recent call last):
...
TypeError: name must be an integer
>>> bg.integer_validator("pi", 3.14)
Traceback (most recent call last):
...
TypeError: pi must be an integer
>>> bg.integer_validator("lst", [1, 2, 3])
Traceback (most recent call last):
...
TypeError: lst must be an integer
>>> bg.integer_validator("flag", True)
Traceback (most recent call last):
...
TypeError: flag must be an integer
>>> bg.integer_validator("nothing", None)
Traceback (most recent call last):
...
TypeError: nothing must be an integer
>>> bg.integer_validator("tuple_val", (1, 2))
Traceback (most recent call last):
...
TypeError: tuple_val must be an integer
>>> bg.integer_validator("dict_val", {"a":1})
Traceback (most recent call last):
...
TypeError: dict_val must be an integer
>>> bg.integer_validator("comp", 3+4j)
Traceback (most recent call last):
...
TypeError: comp must be an integer
>>> bg.integer_validator("s", {1,2})
Traceback (most recent call last):
...
TypeError: s must be an integer
>>> bg.integer_validator("fs", frozenset([1]))
Traceback (most recent call last):
...
TypeError: fs must be an integer
>>> bg.integer_validator("ba", bytearray([1,2]))
Traceback (most recent call last):
...
TypeError: ba must be an integer

# Tests valeurs <= 0
>>> bg.integer_validator("age", 0)
Traceback (most recent call last):
...
ValueError: age must be greater than 0
>>> bg.integer_validator("distance", -4)
Traceback (most recent call last):
...
ValueError: distance must be greater than 0
>>> bg.integer_validator("width", -100)
Traceback (most recent call last):
...
ValueError: width must be greater than 0
>>> bg.integer_validator("negative_one", -1)
Traceback (most recent call last):
...
ValueError: negative_one must be greater than 0
>>> bg.integer_validator("min_val", -999)
Traceback (most recent call last):
...
ValueError: min_val must be greater than 0

# Tests limites et appels multiples valides
>>> bg.integer_validator("one", 1)
>>> bg.integer_validator("two", 2)
>>> bg.integer_validator("ten", 10)
>>> bg.integer_validator("hundred", 100)
>>> bg.integer_validator("million", 10**6)
>>> bg.integer_validator("billion", 10**9)
>>> bg.integer_validator("trillion", 10**12)
>>> bg.integer_validator("extremely_large", 10**12)
>>> bg.integer_validator("huge_number", 10**18)
>>> bg.integer_validator("one_again", 1)
>>> bg.integer_validator("valid1", 1234)
>>> bg.integer_validator("valid2", 5678)
>>> bg.integer_validator("valid3", 91011)
>>> bg.integer_validator("mid", 123)
>>> bg.integer_validator("large", 5000)
>>> bg.integer_validator("small2", 7)

# Tests négatifs et zéro supplémentaires
>>> bg.integer_validator("zero_val", 0)
Traceback (most recent call last):
...
ValueError: zero_val must be greater than 0
>>> bg.integer_validator("neg_val", -9999)
Traceback (most recent call last):
...
ValueError: neg_val must be greater than 0

# Tests types invalides supplémentaires
>>> bg.integer_validator("float_val", 1.0)
Traceback (most recent call last):
...
TypeError: float_val must be an integer
>>> bg.integer_validator("str_val", "100")
Traceback (most recent call last):
...
TypeError: str_val must be an integer
>>> bg.integer_validator("list_val", [1])
Traceback (most recent call last):
...
TypeError: list_val must be an integer
>>> bg.integer_validator("tuple_val2", (1,))
Traceback (most recent call last):
...
TypeError: tuple_val2 must be an integer
>>> bg.integer_validator("dict_val2", {"x":1})
Traceback (most recent call last):
...
TypeError: dict_val2 must be an integer
>>> bg.integer_validator("set_val", {1})
Traceback (most recent call last):
...
TypeError: set_val must be an integer
>>> bg.integer_validator("bool_val", False)
Traceback (most recent call last):
...
TypeError: bool_val must be an integer
>>> bg.integer_validator("none_val", None)
Traceback (most recent call last):
...
TypeError: none_val must be an integer
>>> bg.integer_validator("complex_val", 1+2j)
Traceback (most recent call last):
...
TypeError: complex_val must be an integer

# Tests limites encore plus grands
>>> bg.integer_validator("max_int", 10**18)
>>> bg.integer_validator("mid_val", 123456)
>>> bg.integer_validator("min_positive", 1)
